// Jest Snapshot v1, https://goo.gl/fbAQLP

exports[`FormFieldDivider demo examples basic 1`] = `
.glamor-6,
[data-glamor-6] {
  box-sizing: border-box;
  color: #333840;
  font-family: Open Sans, -apple-system, system-ui, BlinkMacSystemFont, "Segoe UI", Roboto, Helvetica, Arial, sans-serif, "Apple Color Emoji", "Segoe UI Emoji", "Segoe UI Symbol";
  font-size: 16px;
  line-height: 1.25;
  outline: 0;
}

.glamor-6 *,
[data-glamor-6] *,
.glamor-6 *::before,
[data-glamor-6] *::before,
.glamor-6 *::after,
[data-glamor-6] *::after {
  box-sizing: inherit;
}

.glamor-0,
[data-glamor-0] {
  color: #58606e;
  display: -webkit-box;
  display: -moz-box;
  display: -ms-flexbox;
  display: -webkit-flex;
  display: flex;
  font-size: 0.875em;
  font-weight: 600;
  justify-content: space-between;
  margin-bottom: 0.5em;
  -webkit-box-pack: justify;
  -webkit-justify-content: space-between;
}

.glamor-0 > *,
[data-glamor-0] > * {
  align-self: flex-end;
  display: inline-block;
  -webkit-align-self: flex-end;
}

.glamor-4,
[data-glamor-4] {
  align-items: center;
  cursor: text;
  display: -webkit-box;
  display: -moz-box;
  display: -ms-flexbox;
  display: -webkit-flex;
  display: flex;
  width: 100%;
  -webkit-box-align: center;
  -webkit-align-items: center;
}

.glamor-4 [role="img"],
[data-glamor-4] [role="img"] {
  display: block;
  fill: #c8d1e0;
  flex: 0 0 auto;
  margin: 0 0.5em;
  -webkit-flex: 0 0 auto;
}

.glamor-4 [role="img"]:last-of-type,
[data-glamor-4] [role="img"]:last-of-type {
  fill: #c8d1e0;
}

.glamor-3,
[data-glamor-3] {
  box-sizing: border-box;
  color: #333840;
  font-family: Open Sans, -apple-system, system-ui, BlinkMacSystemFont, "Segoe UI", Roboto, Helvetica, Arial, sans-serif, "Apple Color Emoji", "Segoe UI Emoji", "Segoe UI Symbol";
  font-size: 16px;
  line-height: 1.25;
  outline: 0;
  position: relative;
  z-index: 1;
  align-items: center;
  cursor: text;
  display: -webkit-box;
  display: -moz-box;
  display: -ms-flexbox;
  display: -webkit-flex;
  display: flex;
  width: 100%;
  -webkit-box-align: center;
  -webkit-align-items: center;
}

.glamor-3 *,
[data-glamor-3] *,
.glamor-3 *::before,
[data-glamor-3] *::before,
.glamor-3 *::after,
[data-glamor-3] *::after {
  box-sizing: inherit;
}

.glamor-3:hover > div:last-child,
[data-glamor-3]:hover > div:last-child,
.glamor-3[data-simulate-hover] > div:last-child,
[data-glamor-3][data-simulate-hover] > div:last-child {
  border-color: #2e6fd9;
}

.glamor-3:focus > div:last-child,
[data-glamor-3]:focus > div:last-child,
.glamor-3[data-simulate-focus] > div:last-child,
[data-glamor-3][data-simulate-focus] > div:last-child {
  border-color: #c8d1e0;
  box-shadow: 0 0 0 1px #fff, 0 0 0 2px #2e6fd9;
}

.glamor-3:active > div:last-child,
[data-glamor-3]:active > div:last-child,
.glamor-3[data-simulate-active] > div:last-child,
[data-glamor-3][data-simulate-active] > div:last-child {
  border-color: #c8d1e0;
  box-shadow: 0 0 0 1px #fff, 0 0 0 2px #2e6fd9;
}

.glamor-3 [role="img"],
[data-glamor-3] [role="img"] {
  display: block;
  fill: #c8d1e0;
  flex: 0 0 auto;
  margin: 0 0.5em;
  -webkit-flex: 0 0 auto;
}

.glamor-3 [role="img"]:last-of-type,
[data-glamor-3] [role="img"]:last-of-type {
  fill: #c8d1e0;
}

.glamor-1,
[data-glamor-1] {
  background-color: transparent;
  border: 0;
  box-shadow: none;
  flex: 1 1 auto;
  font-family: inherit;
  min-width: 0;
  width: 100%;
  color: #58606e;
  font-size: 0.875em;
  height: 2.857142857142857em;
  outline: 0;
  padding-left: 1.1428571428571428em;
  padding-right: 1.1428571428571428em;
  -webkit-flex: 1 1 auto;
}

.glamor-1::placeholder,
[data-glamor-1]::placeholder,
.glamor-1[data-simulate-placeholder],
[data-glamor-1][data-simulate-placeholder] {
  color: #8e99ab;
  font-style: italic;
}

.glamor-1::-ms-input-placeholder,
[data-glamor-1]::-ms-input-placeholder,
.glamor-1[data-simulate-msinputplaceholder],
[data-glamor-1][data-simulate-msinputplaceholder] {
  color: #8e99ab;
  font-style: italic;
}

.glamor-1:-ms-input-placeholder,
[data-glamor-1]:-ms-input-placeholder,
.glamor-1[data-simulate-msinputplaceholder],
[data-glamor-1][data-simulate-msinputplaceholder] {
  color: #8e99ab;
  font-style: italic;
}

.glamor-1::-ms-clear,
[data-glamor-1]::-ms-clear,
.glamor-1[data-simulate-msclear],
[data-glamor-1][data-simulate-msclear] {
  display: none;
}

.glamor-1:focus ~ div:last-child,
[data-glamor-1]:focus ~ div:last-child,
.glamor-1[data-simulate-focus] ~ div:last-child,
[data-glamor-1][data-simulate-focus] ~ div:last-child {
  border-color: #c8d1e0;
  box-shadow: 0 0 0 1px #fff, 0 0 0 2px #2e6fd9;
}

.glamor-2,
[data-glamor-2] {
  background-color: #fff;
  border-color: #c8d1e0;
  border-radius: 0.1875em;
  border-style: solid;
  border-width: 1px;
  bottom: 0;
  left: 0;
  position: absolute;
  right: 0;
  top: 0;
  z-index: -1;
}

.glamor-7,
[data-glamor-7] {
  background-color: #c8d1e0;
  height: 1px;
  margin: 0.5em 0;
}

<ThemeProvider>
  <ThemeProvider>
    <LiveProvider>
      <div
        className="react-live"
        scope={
          Object {
            "DemoLayout": [Function],
            "FormField": [Function],
            "FormFieldDivider": [Function],
            "TextInput": [Function],
          }
        }
      >
        <LivePreview>
          <div
            className="react-live-preview"
          >
            <glamorous(div)>
              <div
                className="glamor-22"
              >
                <FormField
                  label="Old Password"
                  requiredText="Required"
                >
                  <FormField
                    className={undefined}
                  >
                    <div
                      className="glamor-6"
                    >
                      <label>
                        <glamorous(div)
                          hideLabel={undefined}
                          key="formField-1-textWrapper"
                        >
                          <div
                            className="glamor-0"
                          >
                            <span
                              id="formField-1-labelText"
                            >
                              Old Password
                            </span>
                          </div>
                        </glamorous(div)>
                        <TextInput
                          aria-describedby={undefined}
                          key="formField-1-control"
                          required={undefined}
                          rootProps={undefined}
                          type="password"
                          variant={undefined}
                        >
                          <TextInput
                            className={undefined}
                            control={[Function]}
                            controlProps={
                              Object {
                                "aria-describedby": undefined,
                                "aria-invalid": undefined,
                                "aria-required": undefined,
                                "controlRef": undefined,
                                "disabled": undefined,
                                "readOnly": undefined,
                                "required": undefined,
                                "type": "password",
                              }
                            }
                            disabled={undefined}
                            iconEnd={undefined}
                            iconStart={undefined}
                            prefix={undefined}
                            readOnly={undefined}
                            size="large"
                            suffix={undefined}
                            variant={undefined}
                          >
                            <FauxControl
                              className="glamor-4"
                              control={[Function]}
                              controlProps={
                                Object {
                                  "aria-describedby": undefined,
                                  "aria-invalid": undefined,
                                  "aria-required": undefined,
                                  "controlRef": undefined,
                                  "disabled": undefined,
                                  "readOnly": undefined,
                                  "required": undefined,
                                  "type": "password",
                                }
                              }
                              disabled={undefined}
                              iconEnd={undefined}
                              iconStart={undefined}
                              prefix={undefined}
                              readOnly={undefined}
                              size="large"
                              suffix={undefined}
                              variant={undefined}
                            >
                              <FauxControl
                                className="glamor-4"
                                disabled={undefined}
                                innerRef={undefined}
                                variant={undefined}
                              >
                                <div
                                  className="glamor-3"
                                >
                                  <glamorous(glamorous(input))
                                    aria-describedby={undefined}
                                    aria-invalid={undefined}
                                    aria-required={undefined}
                                    controlPropsIn={
                                      Object {
                                        "aria-describedby": undefined,
                                        "aria-invalid": undefined,
                                        "aria-required": undefined,
                                        "controlRef": undefined,
                                        "disabled": undefined,
                                        "readOnly": undefined,
                                        "required": undefined,
                                        "type": "password",
                                      }
                                    }
                                    controlRef={undefined}
                                    disabled={undefined}
                                    iconEnd={undefined}
                                    iconStart={undefined}
                                    innerRef={undefined}
                                    key="control"
                                    prefix={undefined}
                                    readOnly={undefined}
                                    required={undefined}
                                    size="large"
                                    suffix={undefined}
                                    type="password"
                                    variant={undefined}
                                  >
                                    <input
                                      aria-describedby={undefined}
                                      aria-invalid={undefined}
                                      aria-required={undefined}
                                      className="glamor-1"
                                      disabled={undefined}
                                      prefix={undefined}
                                      readOnly={undefined}
                                      required={undefined}
                                      size="large"
                                      type="password"
                                    />
                                  </glamorous(glamorous(input))>
                                  <Underlay
                                    disabled={undefined}
                                    readOnly={undefined}
                                    variant={undefined}
                                  >
                                    <div
                                      className="glamor-2"
                                      readOnly={undefined}
                                    />
                                  </Underlay>
                                </div>
                              </FauxControl>
                            </FauxControl>
                          </TextInput>
                        </TextInput>
                      </label>
                    </div>
                  </FormField>
                </FormField>
                <FormFieldDivider>
                  <FormFieldDivider
                    role="separator"
                  >
                    <div
                      className="glamor-7"
                      role="separator"
                    />
                  </FormFieldDivider>
                </FormFieldDivider>
                <FormField
                  label="New Password"
                  requiredText="Required"
                >
                  <FormField
                    className={undefined}
                  >
                    <div
                      className="glamor-6"
                    >
                      <label>
                        <glamorous(div)
                          hideLabel={undefined}
                          key="formField-2-textWrapper"
                        >
                          <div
                            className="glamor-0"
                          >
                            <span
                              id="formField-2-labelText"
                            >
                              New Password
                            </span>
                          </div>
                        </glamorous(div)>
                        <TextInput
                          aria-describedby={undefined}
                          key="formField-2-control"
                          required={undefined}
                          rootProps={undefined}
                          type="password"
                          variant={undefined}
                        >
                          <TextInput
                            className={undefined}
                            control={[Function]}
                            controlProps={
                              Object {
                                "aria-describedby": undefined,
                                "aria-invalid": undefined,
                                "aria-required": undefined,
                                "controlRef": undefined,
                                "disabled": undefined,
                                "readOnly": undefined,
                                "required": undefined,
                                "type": "password",
                              }
                            }
                            disabled={undefined}
                            iconEnd={undefined}
                            iconStart={undefined}
                            prefix={undefined}
                            readOnly={undefined}
                            size="large"
                            suffix={undefined}
                            variant={undefined}
                          >
                            <FauxControl
                              className="glamor-4"
                              control={[Function]}
                              controlProps={
                                Object {
                                  "aria-describedby": undefined,
                                  "aria-invalid": undefined,
                                  "aria-required": undefined,
                                  "controlRef": undefined,
                                  "disabled": undefined,
                                  "readOnly": undefined,
                                  "required": undefined,
                                  "type": "password",
                                }
                              }
                              disabled={undefined}
                              iconEnd={undefined}
                              iconStart={undefined}
                              prefix={undefined}
                              readOnly={undefined}
                              size="large"
                              suffix={undefined}
                              variant={undefined}
                            >
                              <FauxControl
                                className="glamor-4"
                                disabled={undefined}
                                innerRef={undefined}
                                variant={undefined}
                              >
                                <div
                                  className="glamor-3"
                                >
                                  <glamorous(glamorous(input))
                                    aria-describedby={undefined}
                                    aria-invalid={undefined}
                                    aria-required={undefined}
                                    controlPropsIn={
                                      Object {
                                        "aria-describedby": undefined,
                                        "aria-invalid": undefined,
                                        "aria-required": undefined,
                                        "controlRef": undefined,
                                        "disabled": undefined,
                                        "readOnly": undefined,
                                        "required": undefined,
                                        "type": "password",
                                      }
                                    }
                                    controlRef={undefined}
                                    disabled={undefined}
                                    iconEnd={undefined}
                                    iconStart={undefined}
                                    innerRef={undefined}
                                    key="control"
                                    prefix={undefined}
                                    readOnly={undefined}
                                    required={undefined}
                                    size="large"
                                    suffix={undefined}
                                    type="password"
                                    variant={undefined}
                                  >
                                    <input
                                      aria-describedby={undefined}
                                      aria-invalid={undefined}
                                      aria-required={undefined}
                                      className="glamor-1"
                                      disabled={undefined}
                                      prefix={undefined}
                                      readOnly={undefined}
                                      required={undefined}
                                      size="large"
                                      type="password"
                                    />
                                  </glamorous(glamorous(input))>
                                  <Underlay
                                    disabled={undefined}
                                    readOnly={undefined}
                                    variant={undefined}
                                  >
                                    <div
                                      className="glamor-2"
                                      readOnly={undefined}
                                    />
                                  </Underlay>
                                </div>
                              </FauxControl>
                            </FauxControl>
                          </TextInput>
                        </TextInput>
                      </label>
                    </div>
                  </FormField>
                </FormField>
                <FormField
                  label="Repeat New Password"
                  requiredText="Required"
                >
                  <FormField
                    className={undefined}
                  >
                    <div
                      className="glamor-6"
                    >
                      <label>
                        <glamorous(div)
                          hideLabel={undefined}
                          key="formField-3-textWrapper"
                        >
                          <div
                            className="glamor-0"
                          >
                            <span
                              id="formField-3-labelText"
                            >
                              Repeat New Password
                            </span>
                          </div>
                        </glamorous(div)>
                        <TextInput
                          aria-describedby={undefined}
                          key="formField-3-control"
                          required={undefined}
                          rootProps={undefined}
                          type="password"
                          variant={undefined}
                        >
                          <TextInput
                            className={undefined}
                            control={[Function]}
                            controlProps={
                              Object {
                                "aria-describedby": undefined,
                                "aria-invalid": undefined,
                                "aria-required": undefined,
                                "controlRef": undefined,
                                "disabled": undefined,
                                "readOnly": undefined,
                                "required": undefined,
                                "type": "password",
                              }
                            }
                            disabled={undefined}
                            iconEnd={undefined}
                            iconStart={undefined}
                            prefix={undefined}
                            readOnly={undefined}
                            size="large"
                            suffix={undefined}
                            variant={undefined}
                          >
                            <FauxControl
                              className="glamor-4"
                              control={[Function]}
                              controlProps={
                                Object {
                                  "aria-describedby": undefined,
                                  "aria-invalid": undefined,
                                  "aria-required": undefined,
                                  "controlRef": undefined,
                                  "disabled": undefined,
                                  "readOnly": undefined,
                                  "required": undefined,
                                  "type": "password",
                                }
                              }
                              disabled={undefined}
                              iconEnd={undefined}
                              iconStart={undefined}
                              prefix={undefined}
                              readOnly={undefined}
                              size="large"
                              suffix={undefined}
                              variant={undefined}
                            >
                              <FauxControl
                                className="glamor-4"
                                disabled={undefined}
                                innerRef={undefined}
                                variant={undefined}
                              >
                                <div
                                  className="glamor-3"
                                >
                                  <glamorous(glamorous(input))
                                    aria-describedby={undefined}
                                    aria-invalid={undefined}
                                    aria-required={undefined}
                                    controlPropsIn={
                                      Object {
                                        "aria-describedby": undefined,
                                        "aria-invalid": undefined,
                                        "aria-required": undefined,
                                        "controlRef": undefined,
                                        "disabled": undefined,
                                        "readOnly": undefined,
                                        "required": undefined,
                                        "type": "password",
                                      }
                                    }
                                    controlRef={undefined}
                                    disabled={undefined}
                                    iconEnd={undefined}
                                    iconStart={undefined}
                                    innerRef={undefined}
                                    key="control"
                                    prefix={undefined}
                                    readOnly={undefined}
                                    required={undefined}
                                    size="large"
                                    suffix={undefined}
                                    type="password"
                                    variant={undefined}
                                  >
                                    <input
                                      aria-describedby={undefined}
                                      aria-invalid={undefined}
                                      aria-required={undefined}
                                      className="glamor-1"
                                      disabled={undefined}
                                      prefix={undefined}
                                      readOnly={undefined}
                                      required={undefined}
                                      size="large"
                                      type="password"
                                    />
                                  </glamorous(glamorous(input))>
                                  <Underlay
                                    disabled={undefined}
                                    readOnly={undefined}
                                    variant={undefined}
                                  >
                                    <div
                                      className="glamor-2"
                                      readOnly={undefined}
                                    />
                                  </Underlay>
                                </div>
                              </FauxControl>
                            </FauxControl>
                          </TextInput>
                        </TextInput>
                      </label>
                    </div>
                  </FormField>
                </FormField>
              </div>
            </glamorous(div)>
          </div>
        </LivePreview>
      </div>
    </LiveProvider>
  </ThemeProvider>
</ThemeProvider>
`;
