// Jest Snapshot v1, https://goo.gl/fbAQLP

exports[`snapshotSerializer Excludes verbose ThemeProvider props from snapshot 1`] = `
.emotion-2 {
  box-sizing: border-box;
  color: #3272d9;
  font-family: "Open Sans",-apple-system,system-ui,BlinkMacSystemFont,"Segoe UI",Roboto,Helvetica,Arial,sans-serif,"Apple Color Emoji","Segoe UI Emoji","Segoe UI Symbol";
  font-size: 16px;
  line-height: 1.25;
  outline: 0;
  -moz-osx-font-smoothing: auto;
  -webkit-font-smoothing: antialiased;
  background-color: #ffffff;
  border-color: #c8d1e0;
  border-radius: 0.1875em;
  border-style: solid;
  border-width: 1px;
  cursor: pointer;
  display: inline-block;
  font-weight: 600;
  height: 2.5em;
  margin: 0;
  min-width: 2.5em;
  padding: 0 0.5em;
  -webkit-text-decoration: none;
  text-decoration: none;
  vertical-align: middle;
}

.emotion-2 *,
.emotion-2 *::before,
.emotion-2 *::after {
  box-sizing: inherit;
}

.emotion-2:focus {
  background-color: #ffffff;
  box-shadow: 0 0 0 1px #ffffff,0 0 0 2px #1d5bbf;
  color: #3272d9;
  -webkit-text-decoration: none;
  text-decoration: none;
}

.emotion-2:hover {
  background-color: #f5f7fa;
  border-color: #5691f0;
  color: #3272d9;
  -webkit-text-decoration: none;
  text-decoration: none;
}

.emotion-2:focus:active,
.emotion-2:focus:hover {
  border-color: #c8d1e0;
}

.emotion-2:active {
  background-color: #ebeff5;
  border-color: #1d5bbf;
  color: #3272d9;
}

.emotion-2::-moz-focus-inner {
  border: 0;
}

.emotion-2 [role="img"] {
  box-sizing: content-box;
  color: #3272d9;
  display: block;
  -webkit-flex-shrink: 0;
  -ms-flex-negative: 0;
  flex-shrink: 0;
}

.emotion-2 [role="img"]:first-child {
  margin-right: 0.5em;
}

.emotion-2 [role="img"]:last-child {
  margin-left: 0.5em;
}

.emotion-2 [role="img"]:only-child {
  margin: 0;
}

.emotion-1 {
  -webkit-align-items: center;
  -webkit-box-align: center;
  -ms-flex-align: center;
  align-items: center;
  display: -webkit-inline-box;
  display: -webkit-inline-flex;
  display: -ms-inline-flexbox;
  display: inline-flex;
  -webkit-box-pack: center;
  -webkit-justify-content: center;
  -ms-flex-pack: center;
  justify-content: center;
  max-height: 100%;
  pointer-events: none;
  width: 100%;
}

.emotion-0 {
  display: block;
  max-width: 100%;
  overflow: hidden;
  text-overflow: ellipsis;
  white-space: nowrap;
  word-wrap: normal;
  font-size: 0.875em;
  line-height: 2.857142857142857em;
}

.emotion-0:first-child {
  padding-left: 0.5714285714285714em;
}

.emotion-0:last-child {
  padding-right: 0.5714285714285714em;
}

<ThemeProvider>
  <ThemeProvider>
    <Button
      element="button"
      size="large"
      type="button"
    >
      <Button
        element="button"
        size="large"
        text="Submit"
        type="button"
      >
        <button
          className="emotion-2"
          type="button"
        >
          <Styled(span)>
            <span
              className="emotion-1"
            >
              <Styled(span)
                size="large"
              >
                <span
                  className="emotion-0"
                >
                  Submit
                </span>
              </Styled(span)>
            </span>
          </Styled(span)>
        </button>
      </Button>
    </Button>
  </ThemeProvider>
</ThemeProvider>
`;
